// Jest Snapshot v1, https://goo.gl/fbAQLP

exports[`Remarks should render 1`] = `
.c0 {
  cursor: default;
}

.c0:focus {
  outline: none;
}

.c1 {
  color: #828b8e;
}

.c2 {
  font-weight: 600;
  color: #ffffff;
}

<PixelRemPair
  pixel="16px"
  rem="1rem"
>
  <styled.div
    className="pixel-rem-pair"
    role="button"
    tabIndex="0"
  >
    <div
      className="c0 pixel-rem-pair"
      role="button"
      tabIndex="0"
    >
      <styled.span
        className="pixel-rem-pair__pixel"
      >
        <span
          className="c1 pixel-rem-pair__pixel"
        >
          16px
           = 
        </span>
      </styled.span>
      <styled.span
        className="pixel-rem-pair__rem"
      >
        <span
          className="c2 pixel-rem-pair__rem"
        >
          1rem
        </span>
      </styled.span>
    </div>
  </styled.div>
</PixelRemPair>
`;
